Debugger listening on ws://127.0.0.1:37035/7812c1bc-fddf-43ec-87ab-9d2cd9711b78
For help, see: https://nodejs.org/en/docs/inspector
Debugger attached.

> household-finance-backend@1.0.0 test
> jest --forceExit --no-cache tests/unit/isTransactionBalanced.test.js --verbose

Debugger listening on ws://127.0.0.1:39371/e5c9a6bb-cc35-419a-bb4e-e79a3f4ba2a2
For help, see: https://nodejs.org/en/docs/inspector
Debugger attached.
  console.log
    Creating test database: test_1743482794417_298

      at log (tests/setup.js:19:11)

  console.log
    Connected to MongoDB using database: test_1743482794417_298

      at Object.log (tests/setup.js:32:15)

  console.log
    Dropped test database: test_1743482794417_298

      at Object.log (tests/setup.js:57:17)

  console.log
    Closed MongoDB connection

      at Object.log (tests/setup.js:61:17)

PASS tests/unit/isTransactionBalanced.test.js
  Transaction.isBalanced virtual property
    ✓ should return false for a transaction with no entries (37 ms)
    ✓ should return false for a transaction with only debits (8 ms)
    ✓ should return false for a transaction with only credits (5 ms)
    ✓ should return false when debits do not equal credits (6 ms)
    ✓ should return true when total debits equal total credits (6 ms)
    ✓ should handle floating point amounts correctly (5 ms)
    ✓ should handle JavaScript floating point precision issues (5 ms)
    ✓ should handle type conversion correctly (4 ms)

Test Suites: 1 passed, 1 total
Tests:       8 passed, 8 total
Snapshots:   0 total
Time:        0.644 s
Ran all test suites matching /tests\/unit\/isTransactionBalanced.test.js/i.
Force exiting Jest: Have you considered using `--detectOpenHandles` to detect async operations that kept running after all tests finished?
Waiting for the debugger to disconnect...
Waiting for the debugger to disconnect...
